To honour the JVM settings for this build a single-use Daemon process will be forked. For more on this, please refer to https://docs.gradle.org/8.14.3/userguide/gradle_daemon.html#sec:disabling_the_daemon in the Gradle documentation.
Daemon will be stopped at the end of the build 

> Configure project :buildSrc
WARNING: Unsupported Kotlin plugin version.
The `embedded-kotlin` and `kotlin-dsl` plugins rely on features of Kotlin `2.0.21` that might work differently than in the requested version `2.2.20`.

> Task :buildSrc:checkKotlinGradlePluginConfigurationErrors SKIPPED
> Task :buildSrc:generateExternalPluginSpecBuilders UP-TO-DATE
> Task :buildSrc:extractPrecompiledScriptPluginPlugins UP-TO-DATE
> Task :buildSrc:compilePluginsBlocks UP-TO-DATE
> Task :buildSrc:generatePrecompiledScriptPluginAccessors UP-TO-DATE
> Task :buildSrc:generateScriptPluginAdapters UP-TO-DATE
> Task :buildSrc:pluginDescriptors UP-TO-DATE
> Task :buildSrc:processResources UP-TO-DATE

> Task :buildSrc:compileKotlin
w: Language version 1.8 is deprecated and its support will be removed in a future version of Kotlin

> Task :buildSrc:compileJava NO-SOURCE
> Task :buildSrc:compileGroovy NO-SOURCE
> Task :buildSrc:classes UP-TO-DATE
> Task :buildSrc:jar

> Configure project :
Build configuration:
    shadePE            = false
    relocate           = true
    mavenLocalOverride = true
    release            = false
    version            = 2.3.73-HEAD-bebcab7+lite

> Task :clean
> Task :bukkit:clean
> Task :common:clean
> Task :assemble UP-TO-DATE
> Task :check UP-TO-DATE
> Task :bukkit:generateBukkitPluginDescription
> Task :bukkit:processResources
> Task :bukkit:generateTestEffectiveLombokConfig
> Task :common:processResources
> Task :bukkit:sourcesJar
> Task :spotlessInternalRegisterDependencies
> Task :bukkit:spotlessJava
> Task :bukkit:spotlessJavaApply
> Task :bukkit:spotlessJavaCheck
> Task :bukkit:spotlessKotlinGradle
> Task :bukkit:spotlessKotlinGradleApply
> Task :bukkit:spotlessKotlinGradleCheck
> Task :bukkit:spotlessCheck
> Task :bukkit:processTestResources NO-SOURCE
> Task :bukkit:spotlessApply
> Task :common:sourcesJar
> Task :common:spotlessJava
> Task :common:spotlessJavaApply
> Task :common:spotlessJavaCheck
> Task :common:spotlessKotlinGradle
> Task :common:spotlessKotlinGradleApply
> Task :common:spotlessKotlinGradleCheck
> Task :common:spotlessCheck
> Task :common:generateTestEffectiveLombokConfig
> Task :common:processTestResources NO-SOURCE
> Task :common:spotlessApply

> Task :common:eclipseClasspath
Could not resolve: com.github.retrooper:packetevents-api:2.11.2-SNAPSHOT

> Task :common:eclipseJdt
> Task :common:eclipseProject
> Task :common:eclipse
> Task :bukkit:generateEffectiveLombokConfig
> Task :common:generateEffectiveLombokConfig
> Task :common:compileJava FAILED

FAILURE: Build failed with an exception.

* What went wrong:
Execution failed for task ':common:compileJava'.
> Could not resolve all files for configuration ':common:compileClasspath'.
   > Could not find com.github.retrooper:packetevents-api:2.11.2-SNAPSHOT.
     Searched in the following locations:
       - https://repo.grim.ac/snapshots/com/github/retrooper/packetevents-api/2.11.2-SNAPSHOT/maven-metadata.xml
       - https://repo.grim.ac/snapshots/com/github/retrooper/packetevents-api/2.11.2-SNAPSHOT/packetevents-api-2.11.2-SNAPSHOT.pom
       - file:/home/admin/.m2/repository/com/github/retrooper/packetevents-api/2.11.2-SNAPSHOT/maven-metadata.xml
       - file:/home/admin/.m2/repository/com/github/retrooper/packetevents-api/2.11.2-SNAPSHOT/packetevents-api-2.11.2-SNAPSHOT.pom
     Required by:
         project :common

* Try:
> Run with --stacktrace option to get the stack trace.
> Run with --info or --debug option to get more log output.
> Run with --scan to get full insights.
> Get more help at https://help.gradle.org.

BUILD FAILED in 17s
38 actionable tasks: 31 executed, 7 up-to-date
